// Vitest Snapshot v1, https://vitest.dev/guide/snapshot.html

exports[`Alchemy Provider Tests > should correctly do runtime validation when connection config is invalid 1`] = `
"[
  {
    \\"code\\": \\"invalid_union\\",
    \\"unionErrors\\": [
      {
        \\"issues\\": [
          {
            \\"code\\": \\"invalid_type\\",
            \\"expected\\": \\"never\\",
            \\"received\\": \\"number\\",
            \\"path\\": [
              \\"rpcUrl\\"
            ],
            \\"message\\": \\"Expected never, received number\\"
          },
          {
            \\"code\\": \\"invalid_type\\",
            \\"expected\\": \\"string\\",
            \\"received\\": \\"undefined\\",
            \\"path\\": [
              \\"apiKey\\"
            ],
            \\"message\\": \\"Required\\"
          }
        ],
        \\"name\\": \\"ZodError\\"
      },
      {
        \\"issues\\": [
          {
            \\"code\\": \\"invalid_type\\",
            \\"expected\\": \\"never\\",
            \\"received\\": \\"number\\",
            \\"path\\": [
              \\"rpcUrl\\"
            ],
            \\"message\\": \\"Expected never, received number\\"
          },
          {
            \\"code\\": \\"invalid_type\\",
            \\"expected\\": \\"string\\",
            \\"received\\": \\"undefined\\",
            \\"path\\": [
              \\"jwt\\"
            ],
            \\"message\\": \\"Required\\"
          }
        ],
        \\"name\\": \\"ZodError\\"
      },
      {
        \\"issues\\": [
          {
            \\"code\\": \\"invalid_type\\",
            \\"expected\\": \\"string\\",
            \\"received\\": \\"number\\",
            \\"path\\": [
              \\"rpcUrl\\"
            ],
            \\"message\\": \\"Expected string, received number\\"
          }
        ],
        \\"name\\": \\"ZodError\\"
      },
      {
        \\"issues\\": [
          {
            \\"code\\": \\"invalid_type\\",
            \\"expected\\": \\"string\\",
            \\"received\\": \\"number\\",
            \\"path\\": [
              \\"rpcUrl\\"
            ],
            \\"message\\": \\"Expected string, received number\\"
          },
          {
            \\"code\\": \\"invalid_type\\",
            \\"expected\\": \\"string\\",
            \\"received\\": \\"undefined\\",
            \\"path\\": [
              \\"jwt\\"
            ],
            \\"message\\": \\"Required\\"
          }
        ],
        \\"name\\": \\"ZodError\\"
      }
    ],
    \\"path\\": [],
    \\"message\\": \\"Invalid input\\"
  }
]"
`;

exports[`Alchemy Provider Tests > should have enhanced api properties extended from the Alchemy SDK 1`] = `
Alchemy {
  "config": AlchemyConfig {
    "apiKey": "test",
    "authToken": undefined,
    "batchRequests": false,
    "maxRetries": 5,
    "network": "polygon-mumbai",
    "requestTimeout": 0,
    "url": undefined,
  },
  "core": CoreNamespace {
    "config": AlchemyConfig {
      "apiKey": "test",
      "authToken": undefined,
      "batchRequests": false,
      "maxRetries": 5,
      "network": "polygon-mumbai",
      "requestTimeout": 0,
      "url": undefined,
    },
  },
  "debug": DebugNamespace {
    "config": AlchemyConfig {
      "apiKey": "test",
      "authToken": undefined,
      "batchRequests": false,
      "maxRetries": 5,
      "network": "polygon-mumbai",
      "requestTimeout": 0,
      "url": undefined,
    },
  },
  "nft": NftNamespace {
    "config": AlchemyConfig {
      "apiKey": "test",
      "authToken": undefined,
      "batchRequests": false,
      "maxRetries": 5,
      "network": "polygon-mumbai",
      "requestTimeout": 0,
      "url": undefined,
    },
  },
  "notify": NotifyNamespace {
    "config": AlchemyConfig {
      "apiKey": "test",
      "authToken": undefined,
      "batchRequests": false,
      "maxRetries": 5,
      "network": "polygon-mumbai",
      "requestTimeout": 0,
      "url": undefined,
    },
  },
  "transact": TransactNamespace {
    "config": AlchemyConfig {
      "apiKey": "test",
      "authToken": undefined,
      "batchRequests": false,
      "maxRetries": 5,
      "network": "polygon-mumbai",
      "requestTimeout": 0,
      "url": undefined,
    },
  },
  "ws": WebSocketNamespace {
    "config": AlchemyConfig {
      "apiKey": "test",
      "authToken": undefined,
      "batchRequests": false,
      "maxRetries": 5,
      "network": "polygon-mumbai",
      "requestTimeout": 0,
      "url": undefined,
    },
  },
}
`;
